

================================================================
== Vitis HLS Report for 'ellipse_solver_Pipeline_second_loop'
================================================================
* Date:           Mon Nov 20 13:30:34 2023

* Version:        2022.2 (Build 3670227 on Oct 13 2022)
* Project:        ellipse_solver
* Solution:       solution1 (Vivado IP Flow Target)
* Product family: zynquplus
* Target device:  xczu7ev-ffvc1156-2-e


================================================================
== Performance Estimates
================================================================
+ Timing: 
    * Summary: 
    +--------+----------+----------+------------+
    |  Clock |  Target  | Estimated| Uncertainty|
    +--------+----------+----------+------------+
    |ap_clk  |  10.00 ns|  3.569 ns|     2.70 ns|
    +--------+----------+----------+------------+

+ Latency: 
    * Summary: 
    +---------+---------+----------+----------+-----+-----+---------+
    |  Latency (cycles) |  Latency (absolute) |  Interval | Pipeline|
    |   min   |   max   |    min   |    max   | min | max |   Type  |
    +---------+---------+----------+----------+-----+-----+---------+
    |       15|       15|  0.150 us|  0.150 us|   15|   15|       no|
    +---------+---------+----------+----------+-----+-----+---------+

    + Detail: 
        * Instance: 
        N/A

        * Loop: 
        +---------------+---------+---------+----------+-----------+-----------+------+----------+
        |               |  Latency (cycles) | Iteration|  Initiation Interval  | Trip |          |
        |   Loop Name   |   min   |   max   |  Latency |  achieved |   target  | Count| Pipelined|
        +---------------+---------+---------+----------+-----------+-----------+------+----------+
        |- second_loop  |       13|       13|         1|          1|          1|    13|       yes|
        +---------------+---------+---------+----------+-----------+-----------+------+----------+



================================================================
== Utilization Estimates
================================================================
* Summary: 
+-----------------+---------+------+--------+--------+-----+
|       Name      | BRAM_18K|  DSP |   FF   |   LUT  | URAM|
+-----------------+---------+------+--------+--------+-----+
|DSP              |        -|     -|       -|       -|    -|
|Expression       |        -|     -|       0|     333|    -|
|FIFO             |        -|     -|       -|       -|    -|
|Instance         |        -|     -|       0|     585|    -|
|Memory           |        -|     -|       -|       -|    -|
|Multiplexer      |        -|     -|       -|     144|    -|
|Register         |        -|     -|     423|       -|    -|
+-----------------+---------+------+--------+--------+-----+
|Total            |        0|     0|     423|    1062|    0|
+-----------------+---------+------+--------+--------+-----+
|Available        |      624|  1728|  460800|  230400|   96|
+-----------------+---------+------+--------+--------+-----+
|Utilization (%)  |        0|     0|      ~0|      ~0|    0|
+-----------------+---------+------+--------+--------+-----+

+ Detail: 
    * Instance: 
    +---------------------+----------------+---------+----+---+----+-----+
    |       Instance      |     Module     | BRAM_18K| DSP| FF| LUT| URAM|
    +---------------------+----------------+---------+----+---+----+-----+
    |mux_134_32_1_1_U131  |mux_134_32_1_1  |        0|   0|  0|  65|    0|
    |mux_134_32_1_1_U132  |mux_134_32_1_1  |        0|   0|  0|  65|    0|
    |mux_134_32_1_1_U133  |mux_134_32_1_1  |        0|   0|  0|  65|    0|
    |mux_134_32_1_1_U134  |mux_134_32_1_1  |        0|   0|  0|  65|    0|
    |mux_134_32_1_1_U135  |mux_134_32_1_1  |        0|   0|  0|  65|    0|
    |mux_134_32_1_1_U136  |mux_134_32_1_1  |        0|   0|  0|  65|    0|
    |mux_134_32_1_1_U137  |mux_134_32_1_1  |        0|   0|  0|  65|    0|
    |mux_134_32_1_1_U138  |mux_134_32_1_1  |        0|   0|  0|  65|    0|
    |mux_134_32_1_1_U139  |mux_134_32_1_1  |        0|   0|  0|  65|    0|
    +---------------------+----------------+---------+----+---+----+-----+
    |Total                |                |        0|   0|  0| 585|    0|
    +---------------------+----------------+---------+----+---+----+-----+

    * DSP: 
    N/A

    * Memory: 
    N/A

    * FIFO: 
    N/A

    * Expression: 
    +-----------------------+----------+----+---+----+------------+------------+
    |     Variable Name     | Operation| DSP| FF| LUT| Bitwidth P0| Bitwidth P1|
    +-----------------------+----------+----+---+----+------------+------------+
    |add_ln37_fu_1238_p2    |         +|   0|  0|  12|           4|           1|
    |add_ln40_1_fu_1473_p2  |         +|   0|  0|  39|          32|          32|
    |add_ln40_2_fu_1497_p2  |         +|   0|  0|  32|          32|          32|
    |add_ln40_3_fu_1491_p2  |         +|   0|  0|  32|          32|          32|
    |add_ln40_4_fu_1479_p2  |         +|   0|  0|  39|          32|          32|
    |add_ln40_5_fu_1485_p2  |         +|   0|  0|  39|          32|          32|
    |add_ln40_6_fu_1503_p2  |         +|   0|  0|  32|          32|          32|
    |add_ln40_fu_1467_p2    |         +|   0|  0|  39|          32|          32|
    |outData_13_fu_1509_p2  |         +|   0|  0|  32|          32|          32|
    |ap_condition_802       |       and|   0|  0|   2|           1|           1|
    |ap_condition_805       |       and|   0|  0|   2|           1|           1|
    |ap_condition_808       |       and|   0|  0|   2|           1|           1|
    |ap_condition_811       |       and|   0|  0|   2|           1|           1|
    |ap_condition_814       |       and|   0|  0|   2|           1|           1|
    |ap_condition_817       |       and|   0|  0|   2|           1|           1|
    |ap_condition_820       |       and|   0|  0|   2|           1|           1|
    |ap_condition_823       |       and|   0|  0|   2|           1|           1|
    |ap_condition_826       |       and|   0|  0|   2|           1|           1|
    |ap_condition_829       |       and|   0|  0|   2|           1|           1|
    |ap_condition_832       |       and|   0|  0|   2|           1|           1|
    |ap_condition_835       |       and|   0|  0|   2|           1|           1|
    |ap_condition_838       |       and|   0|  0|   2|           1|           1|
    |icmp_ln37_fu_1232_p2   |      icmp|   0|  0|   9|           4|           3|
    |ap_enable_pp0          |       xor|   0|  0|   2|           1|           2|
    +-----------------------+----------+----+---+----+------------+------------+
    |Total                  |          |   0|  0| 333|         278|         275|
    +-----------------------+----------+----+---+----+------------+------------+

    * Multiplexer: 
    +-------------------------+----+-----------+-----+-----------+
    |           Name          | LUT| Input Size| Bits| Total Bits|
    +-------------------------+----+-----------+-----+-----------+
    |ap_done_int              |   9|          2|    1|          2|
    |ap_enable_reg_pp0_iter1  |   9|          2|    1|          2|
    |i_fu_310                 |   9|          2|    4|          8|
    |outData_10_fu_354        |   9|          2|   32|         64|
    |outData_11_fu_358        |   9|          2|   32|         64|
    |outData_12_fu_362        |   9|          2|   32|         64|
    |outData_1_fu_318         |   9|          2|   32|         64|
    |outData_2_fu_322         |   9|          2|   32|         64|
    |outData_3_fu_326         |   9|          2|   32|         64|
    |outData_4_fu_330         |   9|          2|   32|         64|
    |outData_5_fu_334         |   9|          2|   32|         64|
    |outData_6_fu_338         |   9|          2|   32|         64|
    |outData_7_fu_342         |   9|          2|   32|         64|
    |outData_8_fu_346         |   9|          2|   32|         64|
    |outData_9_fu_350         |   9|          2|   32|         64|
    |outData_fu_314           |   9|          2|   32|         64|
    +-------------------------+----+-----------+-----+-----------+
    |Total                    | 144|         32|  422|        844|
    +-------------------------+----+-----------+-----+-----------+

    * Register: 
    +-------------------------+----+----+-----+-----------+
    |           Name          | FF | LUT| Bits| Const Bits|
    +-------------------------+----+----+-----+-----------+
    |ap_CS_fsm                |   1|   0|    1|          0|
    |ap_done_reg              |   1|   0|    1|          0|
    |ap_enable_reg_pp0_iter1  |   1|   0|    1|          0|
    |i_fu_310                 |   4|   0|    4|          0|
    |outData_10_fu_354        |  32|   0|   32|          0|
    |outData_11_fu_358        |  32|   0|   32|          0|
    |outData_12_fu_362        |  32|   0|   32|          0|
    |outData_1_fu_318         |  32|   0|   32|          0|
    |outData_2_fu_322         |  32|   0|   32|          0|
    |outData_3_fu_326         |  32|   0|   32|          0|
    |outData_4_fu_330         |  32|   0|   32|          0|
    |outData_5_fu_334         |  32|   0|   32|          0|
    |outData_6_fu_338         |  32|   0|   32|          0|
    |outData_7_fu_342         |  32|   0|   32|          0|
    |outData_8_fu_346         |  32|   0|   32|          0|
    |outData_9_fu_350         |  32|   0|   32|          0|
    |outData_fu_314           |  32|   0|   32|          0|
    +-------------------------+----+----+-----+-----------+
    |Total                    | 423|   0|  423|          0|
    +-------------------------+----+----+-----+-----------+



================================================================
== Interface
================================================================
* Summary: 
+-----------------------+-----+-----+------------+-------------------------------------+--------------+
|       RTL Ports       | Dir | Bits|  Protocol  |            Source Object            |    C Type    |
+-----------------------+-----+-----+------------+-------------------------------------+--------------+
|ap_clk                 |   in|    1|  ap_ctrl_hs|  ellipse_solver_Pipeline_second_loop|  return value|
|ap_rst                 |   in|    1|  ap_ctrl_hs|  ellipse_solver_Pipeline_second_loop|  return value|
|ap_start               |   in|    1|  ap_ctrl_hs|  ellipse_solver_Pipeline_second_loop|  return value|
|ap_done                |  out|    1|  ap_ctrl_hs|  ellipse_solver_Pipeline_second_loop|  return value|
|ap_idle                |  out|    1|  ap_ctrl_hs|  ellipse_solver_Pipeline_second_loop|  return value|
|ap_ready               |  out|    1|  ap_ctrl_hs|  ellipse_solver_Pipeline_second_loop|  return value|
|outData_12_reload      |   in|   32|     ap_none|                    outData_12_reload|        scalar|
|outData_11_reload      |   in|   32|     ap_none|                    outData_11_reload|        scalar|
|outData_10_reload      |   in|   32|     ap_none|                    outData_10_reload|        scalar|
|outData_9_reload       |   in|   32|     ap_none|                     outData_9_reload|        scalar|
|outData_8_reload       |   in|   32|     ap_none|                     outData_8_reload|        scalar|
|outData_7_reload       |   in|   32|     ap_none|                     outData_7_reload|        scalar|
|outData_6_reload       |   in|   32|     ap_none|                     outData_6_reload|        scalar|
|outData_5_reload       |   in|   32|     ap_none|                     outData_5_reload|        scalar|
|outData_4_reload       |   in|   32|     ap_none|                     outData_4_reload|        scalar|
|outData_3_reload       |   in|   32|     ap_none|                     outData_3_reload|        scalar|
|outData_2_reload       |   in|   32|     ap_none|                     outData_2_reload|        scalar|
|outData_1_reload       |   in|   32|     ap_none|                     outData_1_reload|        scalar|
|outData_reload         |   in|   32|     ap_none|                       outData_reload|        scalar|
|dataHard_V_reload      |   in|   32|     ap_none|                    dataHard_V_reload|        scalar|
|dataHard_V_1_reload    |   in|   32|     ap_none|                  dataHard_V_1_reload|        scalar|
|dataHard_V_2_reload    |   in|   32|     ap_none|                  dataHard_V_2_reload|        scalar|
|dataHard_V_3_reload    |   in|   32|     ap_none|                  dataHard_V_3_reload|        scalar|
|dataHard_V_4_reload    |   in|   32|     ap_none|                  dataHard_V_4_reload|        scalar|
|dataHard_V_5_reload    |   in|   32|     ap_none|                  dataHard_V_5_reload|        scalar|
|dataHard_V_6_reload    |   in|   32|     ap_none|                  dataHard_V_6_reload|        scalar|
|dataHard_V_7_reload    |   in|   32|     ap_none|                  dataHard_V_7_reload|        scalar|
|dataHard_V_8_reload    |   in|   32|     ap_none|                  dataHard_V_8_reload|        scalar|
|dataHard_V_9_reload    |   in|   32|     ap_none|                  dataHard_V_9_reload|        scalar|
|dataHard_V_10_reload   |   in|   32|     ap_none|                 dataHard_V_10_reload|        scalar|
|dataHard_V_11_reload   |   in|   32|     ap_none|                 dataHard_V_11_reload|        scalar|
|dataHard_V_12_reload   |   in|   32|     ap_none|                 dataHard_V_12_reload|        scalar|
|dataHard_V_13_reload   |   in|   32|     ap_none|                 dataHard_V_13_reload|        scalar|
|dataHard_V_14_reload   |   in|   32|     ap_none|                 dataHard_V_14_reload|        scalar|
|dataHard_V_15_reload   |   in|   32|     ap_none|                 dataHard_V_15_reload|        scalar|
|dataHard_V_16_reload   |   in|   32|     ap_none|                 dataHard_V_16_reload|        scalar|
|dataHard_V_17_reload   |   in|   32|     ap_none|                 dataHard_V_17_reload|        scalar|
|dataHard_V_18_reload   |   in|   32|     ap_none|                 dataHard_V_18_reload|        scalar|
|dataHard_V_19_reload   |   in|   32|     ap_none|                 dataHard_V_19_reload|        scalar|
|dataHard_V_20_reload   |   in|   32|     ap_none|                 dataHard_V_20_reload|        scalar|
|dataHard_V_21_reload   |   in|   32|     ap_none|                 dataHard_V_21_reload|        scalar|
|dataHard_V_22_reload   |   in|   32|     ap_none|                 dataHard_V_22_reload|        scalar|
|dataHard_V_23_reload   |   in|   32|     ap_none|                 dataHard_V_23_reload|        scalar|
|dataHard_V_24_reload   |   in|   32|     ap_none|                 dataHard_V_24_reload|        scalar|
|dataHard_V_25_reload   |   in|   32|     ap_none|                 dataHard_V_25_reload|        scalar|
|dataHard_V_26_reload   |   in|   32|     ap_none|                 dataHard_V_26_reload|        scalar|
|dataHard_V_27_reload   |   in|   32|     ap_none|                 dataHard_V_27_reload|        scalar|
|dataHard_V_28_reload   |   in|   32|     ap_none|                 dataHard_V_28_reload|        scalar|
|dataHard_V_29_reload   |   in|   32|     ap_none|                 dataHard_V_29_reload|        scalar|
|dataHard_V_30_reload   |   in|   32|     ap_none|                 dataHard_V_30_reload|        scalar|
|dataHard_V_31_reload   |   in|   32|     ap_none|                 dataHard_V_31_reload|        scalar|
|dataHard_V_32_reload   |   in|   32|     ap_none|                 dataHard_V_32_reload|        scalar|
|dataHard_V_33_reload   |   in|   32|     ap_none|                 dataHard_V_33_reload|        scalar|
|dataHard_V_34_reload   |   in|   32|     ap_none|                 dataHard_V_34_reload|        scalar|
|dataHard_V_35_reload   |   in|   32|     ap_none|                 dataHard_V_35_reload|        scalar|
|dataHard_V_36_reload   |   in|   32|     ap_none|                 dataHard_V_36_reload|        scalar|
|dataHard_V_37_reload   |   in|   32|     ap_none|                 dataHard_V_37_reload|        scalar|
|dataHard_V_38_reload   |   in|   32|     ap_none|                 dataHard_V_38_reload|        scalar|
|dataHard_V_39_reload   |   in|   32|     ap_none|                 dataHard_V_39_reload|        scalar|
|dataHard_V_40_reload   |   in|   32|     ap_none|                 dataHard_V_40_reload|        scalar|
|dataHard_V_41_reload   |   in|   32|     ap_none|                 dataHard_V_41_reload|        scalar|
|dataHard_V_42_reload   |   in|   32|     ap_none|                 dataHard_V_42_reload|        scalar|
|dataHard_V_43_reload   |   in|   32|     ap_none|                 dataHard_V_43_reload|        scalar|
|dataHard_V_44_reload   |   in|   32|     ap_none|                 dataHard_V_44_reload|        scalar|
|dataHard_V_45_reload   |   in|   32|     ap_none|                 dataHard_V_45_reload|        scalar|
|dataHard_V_46_reload   |   in|   32|     ap_none|                 dataHard_V_46_reload|        scalar|
|dataHard_V_47_reload   |   in|   32|     ap_none|                 dataHard_V_47_reload|        scalar|
|dataHard_V_48_reload   |   in|   32|     ap_none|                 dataHard_V_48_reload|        scalar|
|dataHard_V_49_reload   |   in|   32|     ap_none|                 dataHard_V_49_reload|        scalar|
|dataHard_V_50_reload   |   in|   32|     ap_none|                 dataHard_V_50_reload|        scalar|
|dataHard_V_51_reload   |   in|   32|     ap_none|                 dataHard_V_51_reload|        scalar|
|dataHard_V_52_reload   |   in|   32|     ap_none|                 dataHard_V_52_reload|        scalar|
|dataHard_V_53_reload   |   in|   32|     ap_none|                 dataHard_V_53_reload|        scalar|
|dataHard_V_54_reload   |   in|   32|     ap_none|                 dataHard_V_54_reload|        scalar|
|dataHard_V_55_reload   |   in|   32|     ap_none|                 dataHard_V_55_reload|        scalar|
|dataHard_V_56_reload   |   in|   32|     ap_none|                 dataHard_V_56_reload|        scalar|
|dataHard_V_57_reload   |   in|   32|     ap_none|                 dataHard_V_57_reload|        scalar|
|dataHard_V_58_reload   |   in|   32|     ap_none|                 dataHard_V_58_reload|        scalar|
|dataHard_V_59_reload   |   in|   32|     ap_none|                 dataHard_V_59_reload|        scalar|
|dataHard_V_60_reload   |   in|   32|     ap_none|                 dataHard_V_60_reload|        scalar|
|dataHard_V_61_reload   |   in|   32|     ap_none|                 dataHard_V_61_reload|        scalar|
|dataHard_V_62_reload   |   in|   32|     ap_none|                 dataHard_V_62_reload|        scalar|
|dataHard_V_63_reload   |   in|   32|     ap_none|                 dataHard_V_63_reload|        scalar|
|dataHard_V_64_reload   |   in|   32|     ap_none|                 dataHard_V_64_reload|        scalar|
|dataHard_V_65_reload   |   in|   32|     ap_none|                 dataHard_V_65_reload|        scalar|
|dataHard_V_66_reload   |   in|   32|     ap_none|                 dataHard_V_66_reload|        scalar|
|dataHard_V_67_reload   |   in|   32|     ap_none|                 dataHard_V_67_reload|        scalar|
|dataHard_V_68_reload   |   in|   32|     ap_none|                 dataHard_V_68_reload|        scalar|
|dataHard_V_69_reload   |   in|   32|     ap_none|                 dataHard_V_69_reload|        scalar|
|dataHard_V_70_reload   |   in|   32|     ap_none|                 dataHard_V_70_reload|        scalar|
|dataHard_V_71_reload   |   in|   32|     ap_none|                 dataHard_V_71_reload|        scalar|
|dataHard_V_72_reload   |   in|   32|     ap_none|                 dataHard_V_72_reload|        scalar|
|dataHard_V_73_reload   |   in|   32|     ap_none|                 dataHard_V_73_reload|        scalar|
|dataHard_V_74_reload   |   in|   32|     ap_none|                 dataHard_V_74_reload|        scalar|
|dataHard_V_75_reload   |   in|   32|     ap_none|                 dataHard_V_75_reload|        scalar|
|dataHard_V_76_reload   |   in|   32|     ap_none|                 dataHard_V_76_reload|        scalar|
|dataHard_V_77_reload   |   in|   32|     ap_none|                 dataHard_V_77_reload|        scalar|
|dataHard_V_78_reload   |   in|   32|     ap_none|                 dataHard_V_78_reload|        scalar|
|dataHard_V_79_reload   |   in|   32|     ap_none|                 dataHard_V_79_reload|        scalar|
|dataHard_V_80_reload   |   in|   32|     ap_none|                 dataHard_V_80_reload|        scalar|
|dataHard_V_81_reload   |   in|   32|     ap_none|                 dataHard_V_81_reload|        scalar|
|dataHard_V_82_reload   |   in|   32|     ap_none|                 dataHard_V_82_reload|        scalar|
|dataHard_V_83_reload   |   in|   32|     ap_none|                 dataHard_V_83_reload|        scalar|
|dataHard_V_84_reload   |   in|   32|     ap_none|                 dataHard_V_84_reload|        scalar|
|dataHard_V_85_reload   |   in|   32|     ap_none|                 dataHard_V_85_reload|        scalar|
|dataHard_V_86_reload   |   in|   32|     ap_none|                 dataHard_V_86_reload|        scalar|
|dataHard_V_87_reload   |   in|   32|     ap_none|                 dataHard_V_87_reload|        scalar|
|dataHard_V_88_reload   |   in|   32|     ap_none|                 dataHard_V_88_reload|        scalar|
|dataHard_V_89_reload   |   in|   32|     ap_none|                 dataHard_V_89_reload|        scalar|
|dataHard_V_90_reload   |   in|   32|     ap_none|                 dataHard_V_90_reload|        scalar|
|dataHard_V_91_reload   |   in|   32|     ap_none|                 dataHard_V_91_reload|        scalar|
|dataHard_V_92_reload   |   in|   32|     ap_none|                 dataHard_V_92_reload|        scalar|
|dataHard_V_93_reload   |   in|   32|     ap_none|                 dataHard_V_93_reload|        scalar|
|dataHard_V_94_reload   |   in|   32|     ap_none|                 dataHard_V_94_reload|        scalar|
|dataHard_V_95_reload   |   in|   32|     ap_none|                 dataHard_V_95_reload|        scalar|
|dataHard_V_96_reload   |   in|   32|     ap_none|                 dataHard_V_96_reload|        scalar|
|dataHard_V_97_reload   |   in|   32|     ap_none|                 dataHard_V_97_reload|        scalar|
|dataHard_V_98_reload   |   in|   32|     ap_none|                 dataHard_V_98_reload|        scalar|
|dataHard_V_99_reload   |   in|   32|     ap_none|                 dataHard_V_99_reload|        scalar|
|dataHard_V_100_reload  |   in|   32|     ap_none|                dataHard_V_100_reload|        scalar|
|dataHard_V_101_reload  |   in|   32|     ap_none|                dataHard_V_101_reload|        scalar|
|dataHard_V_102_reload  |   in|   32|     ap_none|                dataHard_V_102_reload|        scalar|
|dataHard_V_103_reload  |   in|   32|     ap_none|                dataHard_V_103_reload|        scalar|
|outData_38_out         |  out|   32|      ap_vld|                       outData_38_out|       pointer|
|outData_38_out_ap_vld  |  out|    1|      ap_vld|                       outData_38_out|       pointer|
|outData_37_out         |  out|   32|      ap_vld|                       outData_37_out|       pointer|
|outData_37_out_ap_vld  |  out|    1|      ap_vld|                       outData_37_out|       pointer|
|outData_36_out         |  out|   32|      ap_vld|                       outData_36_out|       pointer|
|outData_36_out_ap_vld  |  out|    1|      ap_vld|                       outData_36_out|       pointer|
|outData_35_out         |  out|   32|      ap_vld|                       outData_35_out|       pointer|
|outData_35_out_ap_vld  |  out|    1|      ap_vld|                       outData_35_out|       pointer|
|outData_34_out         |  out|   32|      ap_vld|                       outData_34_out|       pointer|
|outData_34_out_ap_vld  |  out|    1|      ap_vld|                       outData_34_out|       pointer|
|outData_33_out         |  out|   32|      ap_vld|                       outData_33_out|       pointer|
|outData_33_out_ap_vld  |  out|    1|      ap_vld|                       outData_33_out|       pointer|
|outData_32_out         |  out|   32|      ap_vld|                       outData_32_out|       pointer|
|outData_32_out_ap_vld  |  out|    1|      ap_vld|                       outData_32_out|       pointer|
|outData_31_out         |  out|   32|      ap_vld|                       outData_31_out|       pointer|
|outData_31_out_ap_vld  |  out|    1|      ap_vld|                       outData_31_out|       pointer|
|outData_30_out         |  out|   32|      ap_vld|                       outData_30_out|       pointer|
|outData_30_out_ap_vld  |  out|    1|      ap_vld|                       outData_30_out|       pointer|
|outData_29_out         |  out|   32|      ap_vld|                       outData_29_out|       pointer|
|outData_29_out_ap_vld  |  out|    1|      ap_vld|                       outData_29_out|       pointer|
|outData_28_out         |  out|   32|      ap_vld|                       outData_28_out|       pointer|
|outData_28_out_ap_vld  |  out|    1|      ap_vld|                       outData_28_out|       pointer|
|outData_27_out         |  out|   32|      ap_vld|                       outData_27_out|       pointer|
|outData_27_out_ap_vld  |  out|    1|      ap_vld|                       outData_27_out|       pointer|
|outData_26_out         |  out|   32|      ap_vld|                       outData_26_out|       pointer|
|outData_26_out_ap_vld  |  out|    1|      ap_vld|                       outData_26_out|       pointer|
+-----------------------+-----+-----+------------+-------------------------------------+--------------+

